SQL> COMMIT
  2  ;

Commit complete.

SQL> ALTER TABLE Cust1
  2  ADD date_opened DATE;

Table altered.

SQL> edit
Wrote file afiedt.buf

  1  UPDATE Cust1
  2* SET date_opened = '01-JAN-19'
SQL> /

3 rows updated.

SQL> SELECT * FROM Cust1;

CNUM             BAL DATE_OPENED                                                
--------- ---------- ---------------                                            
101              200 01-JAN-19                                                  
103              750 01-JAN-19                                                  
104             1000 01-JAN-19                                                  

SQL> COMMIT;

Commit complete.

SQL> UPDATE Cust1
  2  SET bal = 0;

3 rows updated.

SQL> SELECT * FROM Cust1;

CNUM             BAL DATE_OPENED                                                
--------- ---------- ---------------                                            
101                0 01-JAN-19                                                  
103                0 01-JAN-19                                                  
104                0 01-JAN-19                                                  

SQL> ROLLBACK
  2  ;

Rollback complete.

SQL> SELECT * FROM Cust1;

CNUM             BAL DATE_OPENED                                                
--------- ---------- ---------------                                            
101              200 01-JAN-19                                                  
103              750 01-JAN-19                                                  
104             1000 01-JAN-19                                                  

SQL> edit
Wrote file afiedt.buf

  1  UPDATE Cust1
  2  SET date_opened = '21-OCT-20'
  3* WHERE bal = 200
SQL> /

1 row updated.

SQL> SELECT * FROM Cust1;

CNUM             BAL DATE_OPENED                                                
--------- ---------- ---------------                                            
101              200 21-OCT-20                                                  
103              750 01-JAN-19                                                  
104             1000 01-JAN-19                                                  

SQL> ALTER TABLE Cust1
  2  MODIFY bal NUMBER(8,2);

Table altered.

SQL> SELECT * FROM Cust1;

CNUM             BAL DATE_OPENED                                                
--------- ---------- ---------------                                            
101              200 21-OCT-20                                                  
103              750 01-JAN-19                                                  
104             1000 01-JAN-19                                                  

SQL> UPDATE Cust1
  2  SET bal = 888.88
  3  WHERE cnum = 101;

1 row updated.

SQL> SELECT * FROM Cust1;

CNUM             BAL DATE_OPENED                                                
--------- ---------- ---------------                                            
101           888.88 21-OCT-20                                                  
103              750 01-JAN-19                                                  
104             1000 01-JAN-19                                                  

SQL> ALTER TABLE Cust1
  2  MODIFY bal NUMBER(3,2)
  3  ;
MODIFY bal NUMBER(3,2)
       *
ERROR at line 2:
ORA-01440: column to be modified must be empty to decrease precision or scale 


SQL> UPDATE Cust1
  2  SET date_opened = SYSDATE;

3 rows updated.

SQL> SELECT * FROM CUST1;

CNUM             BAL DATE_OPENED                                                
--------- ---------- ---------------                                            
101           888.88 03-FEB-19                                                  
103              750 03-FEB-19                                                  
104             1000 03-FEB-19                                                  

SQL> SAVEPOINT point1;

Savepoint created.

SQL> DROP TABLE Cust1;

Table dropped.

SQL> SELECT * FROM Cust1;
SELECT * FROM Cust1
              *
ERROR at line 1:
ORA-00942: table or view does not exist 


SQL> COMMIT;

Commit complete.

SQL> SPOOL OFF
