SQL> edit
Wrote file afiedt.buf

  1  CREATE TABLE Test5
  2  (a		CHAR(2) NOT NULL,
  3* b		CHAR(3))
SQL> /

SQL> edit
Wrote file afiedt.buf

  1* INSERT INTO Test5 VALUES ('x', 'y')
SQL> /

1 row created.

SQL> edit
Wrote file afiedt.buf

  1* INSERT INTO Test5 VALUES ('xx', 'yx')
SQL> /

1 row created.

SQL> edit
Wrote file afiedt.buf

  1* INSERT INTO Test5 VALUES (null, 'yx')
SQL> /
INSERT INTO Test5 VALUES (null, 'yx')
                          *
ERROR at line 1:
ORA-01400: cannot insert NULL into ("CAS156"."TEST5"."A") 


SQL> SPOOL OFF
