SQL> CREATE OR REPLACE TABLE Test4
  2  ;
CREATE OR REPLACE TABLE Test4
                  *
ERROR at line 1:
ORA-00922: missing or invalid option 


SQL> CREATE OR REPLACE TABLE Test4 (
  2  name	VARCHAR2(20),
  3  ssn	CHAR(9),
  4  dept_number INTEGER,
  5  acct_balance NUMBER(9,2));
CREATE OR REPLACE TABLE Test4 (
                  *
ERROR at line 1:
ORA-00922: missing or invalid option 


SQL> ALTER TABLE Test4
  2  ADD CONSTRAINT ssn_pk
  3  PRIMARY KEY(ssn)
  4  );
)
*
ERROR at line 4:
ORA-01735: invalid ALTER TABLE option 


SQL> ALTER TABLE Test4
  2  ADD CONSTRAINT ssn_pk PRIMARY KEY(ssn);
ADD CONSTRAINT ssn_pk PRIMARY KEY(ssn)
               *
ERROR at line 2:
ORA-02437: cannot validate (CAS156.SSN_PK) - primary key violated 


SQL> DROP TABLE Test4
  2  ;

Table dropped.

SQL> CREATE TABLE Test4 (name VARCHAR2(20), ssn CHAR(9) CONSTRAINT ssn_pk PRIMARY KEY,
  2  dept_number INTEGER, acct_balance NUMBER(9,2));

Table created.

SQL> INSERT INTO Test4 VALUES ( 'xxx', 'y', 20, 10.5);

1 row created.

SQL> INSERT INTO Test4 VALUES ( 'xx', 'yy', 30, 15.3);

1 row created.

SQL> INSERT INTO Test4 VALUES ('x', 'yyy', 60, 22.8);

1 row created.

SQL> INSERT INTO Test4 VALUES( 'x', 'yy', 50, 20);
INSERT INTO Test4 VALUES( 'x', 'yy', 50, 20)
*
ERROR at line 1:
ORA-00001: unique constraint (CAS156.SSN_PK) violated 


SQL> SPOOL OFF;
