SQL> CREATE TABLE Table1 (A CHAR(2), B CHAR(2));

Table created.

SQL> CREATE TABLE Table2 (A CHAR(2), B CHAR(2), C VARCHAR2(2), D VARCHAR2(3));

Table created.

SQL> INSERT INTO Table1
  2  VALUES ('x1', 'x2');

1 row created.

SQL> INSERT INTO Table1
  2  VALUES ('r1', 's1');

1 row created.

SQL> INSERT INTO Table2
  2  VALUES ('x2', 'y2', 'z2', 'w2');

1 row created.

SQL> INSERT INTO Table2
  2  VALUES ('r2', 's2', 'T2', 'u2');

1 row created.

SQL> SELECT * FROM Table1 UNION SELECT * FROM Table2;
SELECT * FROM Table1 UNION SELECT * FROM Table2
*
ERROR at line 1:
ORA-01789: query block has incorrect number of result columns 


SQL> edit
Wrote file afiedt.buf

  1* SELECT * FROM Table1 UNION SELECT * FROM Table2
SQL> define_editor = vi
SQL> edit
Wrote file afiedt.buf

  1* SELECT * FROM Table1 UNION SELECT A, B FROM Table2
SQL> /

A      B                                                                        
------ ------                                                                   
r1     s1                                                                       
r2     s2                                                                       
x1     x2                                                                       
x2     y2                                                                       

SQL> edit
Wrote file afiedt.buf

  1* SELECT * FROM Table1 UNION SELECT B, A FROM Table2
SQL> /

A      B                                                                        
------ ------                                                                   
r1     s1                                                                       
s2     r2                                                                       
x1     x2                                                                       
y2     x2                                                                       

SQL> edit
Wrote file afiedt.buf

  1* SELECT * FROM Table1 UNION SELECT A, C FROM Table2
SQL> /

A      B                                                                        
------ ------                                                                   
r1     s1                                                                       
r2     T2                                                                       
x1     x2                                                                       
x2     z2                                                                       

SQL> edit
Wrote file afiedt.buf

  1* SELECT * FROM Table1 UNION SELECT A, D FROM Table2
SQL> /

A      B                                                                        
------ ---------                                                                
r1     s1                                                                       
r2     u2                                                                       
x1     x2                                                                       
x2     w2                                                                       

SQL> edit
Wrote file afiedt.buf

  1* SELECT * FROM Table1 UNION SELECT B, A FROM Table1
SQL> /

A      B                                                                        
------ ------                                                                   
r1     s1                                                                       
s1     r1                                                                       
x1     x2                                                                       
x2     x1                                                                       

SQL> CREATE OR REPLACE VIEW viewx AS
  2  SELECT A, B FROM Table2;

View created.

SQL> SELECT * FORM Table1 UNION SELECT * FROM viewx;
SELECT * FORM Table1 UNION SELECT * FROM viewx
         *
ERROR at line 1:
ORA-00923: FROM keyword not found where expected 


SQL> edit
Wrote file afiedt.buf

  1* SELECT * FROM Table1 UNION SELECT * FROM viewx
SQL> /

A      B                                                                        
------ ------                                                                   
r1     s1                                                                       
r2     s2                                                                       
x1     x2                                                                       
x2     y2                                                                       

SQL> SPOOL OFF;
